Archive member included to satisfy reference by file (symbol)

/Applications/STM32CubeIDE.app/Contents/Eclipse/plugins/com.st.stm32cube.ide.mcu.externaltools.gnu-tools-for-stm32.12.3.rel1.macos64_1.1.0.202410301201/tools/bin/../lib/gcc/arm-none-eabi/12.3.1/../../../../arm-none-eabi/lib/thumb/v7e-m+dp/hard/libc_nano.a(libc_a-exit.o)
                              /Applications/STM32CubeIDE.app/Contents/Eclipse/plugins/com.st.stm32cube.ide.mcu.externaltools.gnu-tools-for-stm32.12.3.rel1.macos64_1.1.0.202410301201/tools/bin/../lib/gcc/arm-none-eabi/12.3.1/../../../../arm-none-eabi/lib/thumb/v7e-m+dp/hard/crt0.o (exit)
/Applications/STM32CubeIDE.app/Contents/Eclipse/plugins/com.st.stm32cube.ide.mcu.externaltools.gnu-tools-for-stm32.12.3.rel1.macos64_1.1.0.202410301201/tools/bin/../lib/gcc/arm-none-eabi/12.3.1/../../../../arm-none-eabi/lib/thumb/v7e-m+dp/hard/libc_nano.a(libc_a-findfp.o)
                              /Applications/STM32CubeIDE.app/Contents/Eclipse/plugins/com.st.stm32cube.ide.mcu.externaltools.gnu-tools-for-stm32.12.3.rel1.macos64_1.1.0.202410301201/tools/bin/../lib/gcc/arm-none-eabi/12.3.1/../../../../arm-none-eabi/lib/thumb/v7e-m+dp/hard/libc_nano.a(libc_a-exit.o) (__stdio_exit_handler)
/Applications/STM32CubeIDE.app/Contents/Eclipse/plugins/com.st.stm32cube.ide.mcu.externaltools.gnu-tools-for-stm32.12.3.rel1.macos64_1.1.0.202410301201/tools/bin/../lib/gcc/arm-none-eabi/12.3.1/../../../../arm-none-eabi/lib/thumb/v7e-m+dp/hard/libc_nano.a(libc_a-fwalk.o)
                              /Applications/STM32CubeIDE.app/Contents/Eclipse/plugins/com.st.stm32cube.ide.mcu.externaltools.gnu-tools-for-stm32.12.3.rel1.macos64_1.1.0.202410301201/tools/bin/../lib/gcc/arm-none-eabi/12.3.1/../../../../arm-none-eabi/lib/thumb/v7e-m+dp/hard/libc_nano.a(libc_a-findfp.o) (_fwalk_sglue)
/Applications/STM32CubeIDE.app/Contents/Eclipse/plugins/com.st.stm32cube.ide.mcu.externaltools.gnu-tools-for-stm32.12.3.rel1.macos64_1.1.0.202410301201/tools/bin/../lib/gcc/arm-none-eabi/12.3.1/../../../../arm-none-eabi/lib/thumb/v7e-m+dp/hard/libc_nano.a(libc_a-memset.o)
                              /Applications/STM32CubeIDE.app/Contents/Eclipse/plugins/com.st.stm32cube.ide.mcu.externaltools.gnu-tools-for-stm32.12.3.rel1.macos64_1.1.0.202410301201/tools/bin/../lib/gcc/arm-none-eabi/12.3.1/../../../../arm-none-eabi/lib/thumb/v7e-m+dp/hard/crt0.o (memset)
/Applications/STM32CubeIDE.app/Contents/Eclipse/plugins/com.st.stm32cube.ide.mcu.externaltools.gnu-tools-for-stm32.12.3.rel1.macos64_1.1.0.202410301201/tools/bin/../lib/gcc/arm-none-eabi/12.3.1/../../../../arm-none-eabi/lib/thumb/v7e-m+dp/hard/libc_nano.a(libc_a-impure.o)
                              /Applications/STM32CubeIDE.app/Contents/Eclipse/plugins/com.st.stm32cube.ide.mcu.externaltools.gnu-tools-for-stm32.12.3.rel1.macos64_1.1.0.202410301201/tools/bin/../lib/gcc/arm-none-eabi/12.3.1/../../../../arm-none-eabi/lib/thumb/v7e-m+dp/hard/libc_nano.a(libc_a-findfp.o) (_impure_data)
/Applications/STM32CubeIDE.app/Contents/Eclipse/plugins/com.st.stm32cube.ide.mcu.externaltools.gnu-tools-for-stm32.12.3.rel1.macos64_1.1.0.202410301201/tools/bin/../lib/gcc/arm-none-eabi/12.3.1/../../../../arm-none-eabi/lib/thumb/v7e-m+dp/hard/libc_nano.a(libc_a-errno.o)
                              ./Src/syscalls.o (__errno)
/Applications/STM32CubeIDE.app/Contents/Eclipse/plugins/com.st.stm32cube.ide.mcu.externaltools.gnu-tools-for-stm32.12.3.rel1.macos64_1.1.0.202410301201/tools/bin/../lib/gcc/arm-none-eabi/12.3.1/../../../../arm-none-eabi/lib/thumb/v7e-m+dp/hard/libc_nano.a(libc_a-init.o)
                              /Applications/STM32CubeIDE.app/Contents/Eclipse/plugins/com.st.stm32cube.ide.mcu.externaltools.gnu-tools-for-stm32.12.3.rel1.macos64_1.1.0.202410301201/tools/bin/../lib/gcc/arm-none-eabi/12.3.1/../../../../arm-none-eabi/lib/thumb/v7e-m+dp/hard/crt0.o (__libc_init_array)
/Applications/STM32CubeIDE.app/Contents/Eclipse/plugins/com.st.stm32cube.ide.mcu.externaltools.gnu-tools-for-stm32.12.3.rel1.macos64_1.1.0.202410301201/tools/bin/../lib/gcc/arm-none-eabi/12.3.1/../../../../arm-none-eabi/lib/thumb/v7e-m+dp/hard/libc_nano.a(libc_a-lock.o)
                              /Applications/STM32CubeIDE.app/Contents/Eclipse/plugins/com.st.stm32cube.ide.mcu.externaltools.gnu-tools-for-stm32.12.3.rel1.macos64_1.1.0.202410301201/tools/bin/../lib/gcc/arm-none-eabi/12.3.1/../../../../arm-none-eabi/lib/thumb/v7e-m+dp/hard/libc_nano.a(libc_a-findfp.o) (__retarget_lock_init_recursive)
/Applications/STM32CubeIDE.app/Contents/Eclipse/plugins/com.st.stm32cube.ide.mcu.externaltools.gnu-tools-for-stm32.12.3.rel1.macos64_1.1.0.202410301201/tools/bin/../lib/gcc/arm-none-eabi/12.3.1/../../../../arm-none-eabi/lib/thumb/v7e-m+dp/hard/libc_nano.a(libc_a-mallocr.o)
[...]
Memory Configuration

Name             Origin             Length             Attributes
ITCMRAM          0x00000000         0x00010000         xrw
DTCMRAM          0x20000000         0x00020000         xrw
FLASH            0x08000000         0x00100000         xr
RAM_D1           0x24000000         0x00050000         xrw
RAM_D2           0x30000000         0x00008000         xrw
RAM_D3           0x38000000         0x00004000         xrw
*default*        0x00000000         0xffffffff

Linker script and memory map

LOAD /Applications/STM32CubeIDE.app/Contents/Eclipse/plugins/com.st.stm32cube.ide.mcu.externaltools.gnu-tools-for-stm32.12.3.rel1.macos64_1.1.0.202410301201/tools/bin/../lib/gcc/arm-none-eabi/12.3.1/thumb/v7e-m+dp/hard/crti.o
LOAD /Applications/STM32CubeIDE.app/Contents/Eclipse/plugins/com.st.stm32cube.ide.mcu.externaltools.gnu-tools-for-stm32.12.3.rel1.macos64_1.1.0.202410301201/tools/bin/../lib/gcc/arm-none-eabi/12.3.1/thumb/v7e-m+dp/hard/crtbegin.o
LOAD /Applications/STM32CubeIDE.app/Contents/Eclipse/plugins/com.st.stm32cube.ide.mcu.externaltools.gnu-tools-for-stm32.12.3.rel1.macos64_1.1.0.202410301201/tools/bin/../lib/gcc/arm-none-eabi/12.3.1/../../../../arm-none-eabi/lib/thumb/v7e-m+dp/hard/crt0.o
LOAD ./Src/adc.o
LOAD ./Src/main.o
LOAD ./Src/syscalls.o
LOAD ./Src/sysmem.o
LOAD ./Src/systick.o
LOAD ./Src/tim.o
LOAD ./Src/usart.o
LOAD ./Startup/startup_stm32h723zgtx.o
START GROUP
LOAD /Applications/STM32CubeIDE.app/Contents/Eclipse/plugins/com.st.stm32cube.ide.mcu.externaltools.gnu-tools-for-stm32.12.3.rel1.macos64_1.1.0.202410301201/tools/bin/../lib/gcc/arm-none-eabi/12.3.1/../../../../arm-none-eabi/lib/thumb/v7e-m+dp/hard/libc_nano.a
LOAD /Applications/STM32CubeIDE.app/Contents/Eclipse/plugins/com.st.stm32cube.ide.mcu.externaltools.gnu-tools-for-stm32.12.3.rel1.macos64_1.1.0.202410301201/tools/bin/../lib/gcc/arm-none-eabi/12.3.1/../../../../arm-none-eabi/lib/thumb/v7e-m+dp/hard/libm.a
END GROUP
START GROUP
LOAD /Applications/STM32CubeIDE.app/Contents/Eclipse/plugins/com.st.stm32cube.ide.mcu.externaltools.gnu-tools-for-stm32.12.3.rel1.macos64_1.1.0.202410301201/tools/bin/../lib/gcc/arm-none-eabi/12.3.1/thumb/v7e-m+dp/hard/libgcc.a
LOAD /Applications/STM32CubeIDE.app/Contents/Eclipse/plugins/com.st.stm32cube.ide.mcu.externaltools.gnu-tools-for-stm32.12.3.rel1.macos64_1.1.0.202410301201/tools/bin/../lib/gcc/arm-none-eabi/12.3.1/../../../../arm-none-eabi/lib/thumb/v7e-m+dp/hard/libc_nano.a
END GROUP
START GROUP
LOAD /Applications/STM32CubeIDE.app/Contents/Eclipse/plugins/com.st.stm32cube.ide.mcu.externaltools.gnu-tools-for-stm32.12.3.rel1.macos64_1.1.0.202410301201/tools/bin/../lib/gcc/arm-none-eabi/12.3.1/thumb/v7e-m+dp/hard/libgcc.a
LOAD /Applications/STM32CubeIDE.app/Contents/Eclipse/plugins/com.st.stm32cube.ide.mcu.externaltools.gnu-tools-for-stm32.12.3.rel1.macos64_1.1.0.202410301201/tools/bin/../lib/gcc/arm-none-eabi/12.3.1/../../../../arm-none-eabi/lib/thumb/v7e-m+dp/hard/libc_nano.a
LOAD /Applications/STM32CubeIDE.app/Contents/Eclipse/plugins/com.st.stm32cube.ide.mcu.externaltools.gnu-tools-for-stm32.12.3.rel1.macos64_1.1.0.202410301201/tools/bin/../lib/gcc/arm-none-eabi/12.3.1/../../../../arm-none-eabi/lib/thumb/v7e-m+dp/hard/libnosys.a
END GROUP
START GROUP
LOAD /Applications/STM32CubeIDE.app/Contents/Eclipse/plugins/com.st.stm32cube.ide.mcu.externaltools.gnu-tools-for-stm32.12.3.rel1.macos64_1.1.0.202410301201/tools/bin/../lib/gcc/arm-none-eabi/12.3.1/thumb/v7e-m+dp/hard/libgcc.a
LOAD /Applications/STM32CubeIDE.app/Contents/Eclipse/plugins/com.st.stm32cube.ide.mcu.externaltools.gnu-tools-for-stm32.12.3.rel1.macos64_1.1.0.202410301201/tools/bin/../lib/gcc/arm-none-eabi/12.3.1/../../../../arm-none-eabi/lib/thumb/v7e-m+dp/hard/libc_nano.a
LOAD /Applications/STM32CubeIDE.app/Contents/Eclipse/plugins/com.st.stm32cube.ide.mcu.externaltools.gnu-tools-for-stm32.12.3.rel1.macos64_1.1.0.202410301201/tools/bin/../lib/gcc/arm-none-eabi/12.3.1/../../../../arm-none-eabi/lib/thumb/v7e-m+dp/hard/libnosys.a
END GROUP
LOAD /Applications/STM32CubeIDE.app/Contents/Eclipse/plugins/com.st.stm32cube.ide.mcu.externaltools.gnu-tools-for-stm32.12.3.rel1.macos64_1.1.0.202410301201/tools/bin/../lib/gcc/arm-none-eabi/12.3.1/thumb/v7e-m+dp/hard/crtend.o
LOAD /Applications/STM32CubeIDE.app/Contents/Eclipse/plugins/com.st.stm32cube.ide.mcu.externaltools.gnu-tools-for-stm32.12.3.rel1.macos64_1.1.0.202410301201/tools/bin/../lib/gcc/arm-none-eabi/12.3.1/thumb/v7e-m+dp/hard/crtn.o
                0x24050000                        _estack = (ORIGIN (RAM_D1) + LENGTH (RAM_D1))
                0x00000200                        _Min_Heap_Size = 0x200
                0x00000400                        _Min_Stack_Size = 0x400

.isr_vector     0x08000000      0x2cc
                0x08000000                        . = ALIGN (0x4)
 *(.isr_vector)
 .isr_vector    0x08000000      0x2cc ./Startup/startup_stm32h723zgtx.o
                0x08000000                g_pfnVectors
                0x080002cc                        . = ALIGN (0x4)

.text           0x080002cc      0x370
                0x080002cc                        . = ALIGN (0x4)
 *(.text)
 .text          0x080002cc       0x40 /Applications/STM32CubeIDE.app/Contents/Eclipse/plugins/com.st.stm32cube.ide.mcu.externaltools.gnu-tools-for-stm32.12.3.rel1.macos64_1.1.0.202410301201/tools/bin/../lib/gcc/arm-none-eabi/12.3.1/thumb/v7e-m+dp/hard/crtbegin.o
 *(.text*)
 .text.main     0x0800030c       0x40 ./Src/main.o
                0x0800030c                main
 .text.TIM2_IRQHandler
                0x0800034c       0x30 ./Src/main.o
                0x0800034c                TIM2_IRQHandler
 .text.sysTickDelayMicro
                0x0800037c       0x58 ./Src/systick.o
                0x0800037c                sysTickDelayMicro
 .text.__NVIC_EnableIRQ
                0x080003d4       0x3c ./Src/tim.o
 .text.tim2_1hz_init_with_interrupts
                0x08000410       0x68 ./Src/tim.o
                0x08000410                tim2_1hz_init_with_interrupts
 .text.usart3_init
                0x08000478       0xc4 ./Src/usart.o
                0x08000478                usart3_init
 .text.usart_set_baudrate
                0x0800053c       0x24 ./Src/usart.o
 .text.compte_uart_baudrate
                0x08000560       0x26 ./Src/usart.o
 *fill*         0x08000586        0x2 
 .text.Reset_Handler
                0x08000588       0x50 ./Startup/startup_stm32h723zgtx.o
                0x08000588                Reset_Handler
 .text.Default_Handler
                0x080005d8        0x2 ./Startup/startup_stm32h723zgtx.o
                0x080005d8                RTC_TAMP_STAMP_CSS_LSE_IRQHandler
                0x080005d8                EXTI2_IRQHandler
                0x080005d8                TIM8_CC_IRQHandler
                0x080005d8                TEMP_IT_IRQHandler
                0x080005d8                DMA_STR2_IRQHandler
                0x080005d8                DebugMon_Handler
                0x080005d8                UART8_IRQHandler
                0x080005d8                SPI4_IRQHandler
                0x080005d8                FDCAN3_IT0_IRQHandler
                0x080005d8                HardFault_Handler
                0x080005d8                DMA_STR5_IRQHandler
                0x080005d8                SysTick_Handler
                0x080005d8                DMA2_STR1_IRQHandler
                0x080005d8                DMA2_STR5_IRQHandler
                0x080005d8                PendSV_Handler
                0x080005d8                NMI_Handler
                0x080005d8                EXTI3_IRQHandler
                0x080005d8                LPTIM4_IRQHandler
                0x080005d8                TIM8_TRG_COM_TIM14_IRQHandler
                0x080005d8                LPTIM2_IRQHandler
                0x080005d8                DFSDM1_FLT1_IRQHandler
                0x080005d8                DMAMUX2_OVR_IRQHandler
                0x080005d8                TIM8_UP_TIM13_IRQHandler
                0x080005d8                I2C3_ER_IRQHandler
                0x080005d8                DFSDM1_FLT2_IRQHandler
                0x080005d8                I2C5_EV_IRQHandler
                0x080005d8                USART10_IRQHandler
                0x080005d8                MDMA_IRQHandler
                0x080005d8                LPTIM3_IRQHandler
                0x080005d8                EXTI0_IRQHandler
                0x080005d8                I2C2_EV_IRQHandler
                0x080005d8                FPU_IRQHandler
                0x080005d8                DMA_STR1_IRQHandler
                0x080005d8                OTG_HS_WKUP_IRQHandler
                0x080005d8                FDCAN1_IT1_IRQHandler
                0x080005d8                UsageFault_Handler
                0x080005d8                LTDC_ER_IRQHandler
                0x080005d8                ADC1_2_IRQHandler
                0x080005d8                SPI1_IRQHandler
                0x080005d8                OCTOSPI1_IRQHandler
                0x080005d8                BDMA_CH2_IRQHandler
                0x080005d8                TIM6_DAC_IRQHandler
                0x080005d8                DCMI_IRQHandler
                0x080005d8                RTC_ALARM_IRQHandler
                0x080005d8                DMA_STR0_IRQHandler
                0x080005d8                CORDIC_IT_IRQHandler
                0x080005d8                OCTOSPI2_IRQHandler
                0x080005d8                DMA2_STR3_IRQHandler
                0x080005d8                DFSDM1_FLT3_IRQHandler
                0x080005d8                TIM23_IRQHandler
                0x080005d8                USART6_IRQHandler
                0x080005d8                BDMA_CH5_IRQHandler
                0x080005d8                TIM17_IRQHandler
                0x080005d8                BDMA_CH6_IRQHandler
                0x080005d8                USART3_IRQHandler
                0x080005d8                WKUP_IRQHandler
                0x080005d8                BDMA_CH3_IRQHandler
                0x080005d8                LPTIM5_IRQHandler
                0x080005d8                LPUART_IRQHandler
                0x080005d8                UART5_IRQHandler
                0x080005d8                ADC3_IRQHandler
                0x080005d8                DMA_STR6_IRQHandler
                0x080005d8                TIM4_IRQHandler
                0x080005d8                I2C1_EV_IRQHandler
                0x080005d8                DMA1_STR7_IRQHandler
                0x080005d8                TIM16_IRQHandler
                0x080005d8                UART4_IRQHandler
                0x080005d8                TIM3_IRQHandler
                0x080005d8                RCC_IRQHandler
                0x080005d8                UART9_IRQHandler
                0x080005d8                TIM8_BRK_TIM12_IRQHandler
                0x080005d8                TIM1_TRG_COM_IRQHandler
                0x080005d8                Default_Handler
                0x080005d8                FMAC_IRQHandler
                0x080005d8                CEC_IRQHandler
                0x080005d8                EXTI15_10_IRQHandler
                0x080005d8                BDMA_CH4_IRQHandler
                0x080005d8                I2C5_ER_IRQHandler
                0x080005d8                DMA_STR3_IRQHandler
                0x080005d8                SPI5_IRQHandler
                0x080005d8                TIM7_IRQHandler
                0x080005d8                FDCAN3_IT1_IRQHandler
                0x080005d8                SDMMC1_IRQHandler
                0x080005d8                TIM5_IRQHandler
                0x080005d8                SPDIF_IRQHandler
                0x080005d8                TIM15_IRQHandler
                0x080005d8                I2C3_EV_IRQHandler
                0x080005d8                EXTI9_5_IRQHandler
                0x080005d8                DMA2_STR4_IRQHandler
                0x080005d8                RTC_WKUP_IRQHandler
                0x080005d8                DMA2_STR6_IRQHandler
                0x080005d8                LTDC_IRQHandler
                0x080005d8                ETH_WKUP_IRQHandler
                0x080005d8                PVD_PVM_IRQHandler
                0x080005d8                BDMA_CH0_IRQHandler
                0x080005d8                SPI2_IRQHandler
                0x080005d8                OTG_HS_EP1_IN_IRQHandler
                0x080005d8                MemManage_Handler
                0x080005d8                DMA2_STR0_IRQHandler
                0x080005d8                TIM24_IRQHandler
                0x080005d8                SVC_Handler
                0x080005d8                CRS_IRQHandler
                0x080005d8                EXTI4_IRQHandler
                0x080005d8                DMAMUX1_OV_IRQHandler
                0x080005d8                FDCAN2_IT1_IRQHandler
                0x080005d8                DMA_STR4_IRQHandler
                0x080005d8                COMP_IRQHandler
                0x080005d8                DMA2_STR2_IRQHandler
                0x080005d8                ETH_IRQHandler
                0x080005d8                TIM1_UP_IRQHandler
                0x080005d8                ECC_DIAG_IT_IRQHandler
                0x080005d8                DMA2_STR7_IRQHandler
                0x080005d8                OTG_HS_EP1_OUT_IRQHandler
                0x080005d8                SPI6_IRQHandler
                0x080005d8                MDIOS_IRQHandler
                0x080005d8                I2C4_EV_IRQHandler
                0x080005d8                FDCAN2_IT0_IRQHandler
                0x080005d8                BDMA_CH7_IRQHandler
                0x080005d8                FDCAN1_IT0_IRQHandler
                0x080005d8                HSEM0_IRQHandler
                0x080005d8                OTG_HS_IRQHandler
                0x080005d8                DMA2D_IRQHandler
                0x080005d8                TIM1_BRK_IRQHandler
                0x080005d8                EXTI1_IRQHandler
                0x080005d8                SDMMC2_IRQHandler
                0x080005d8                UART7_IRQHandler
                0x080005d8                MDIOS_WKUP_IRQHandler
                0x080005d8                USART2_IRQHandler
                0x080005d8                DFSDM1_FLT0_IRQHandler
                0x080005d8                SAI4_IRQHandler
                0x080005d8                I2C2_ER_IRQHandler
                0x080005d8                FLASH_IRQHandler
                0x080005d8                WWDG1_IRQHandler
                0x080005d8                BusFault_Handler
                0x080005d8                USART1_IRQHandler
                0x080005d8                SPI3_IRQHandler
                0x080005d8                I2C1_ER_IRQHandler
                0x080005d8                FMC_IRQHandler
                0x080005d8                BDMA_CH1_IRQHandler
                0x080005d8                FDCAN_CAL_IRQHandler
                0x080005d8                SWPMI1_IRQHandler
                0x080005d8                LPTIM1_IRQHandler
                0x080005d8                TIM_CC_IRQHandler
                0x080005d8                I2C4_ER_IRQHandler
                0x080005d8                SAI1_IRQHandler
                0x080005d8                HASH_RNG_IRQHandler
 *fill*         0x080005da        0x2 
 .text.__libc_init_array
                0x080005dc       0x48 /Applications/STM32CubeIDE.app/Contents/Eclipse/plugins/com.st.stm32cube.ide.mcu.externaltools.gnu-tools-for-stm32.12.3.rel1.macos64_1.1.0.202410301201/tools/bin/../lib/gcc/arm-none-eabi/12.3.1/../../../../arm-none-eabi/lib/thumb/v7e-m+dp/hard/libc_nano.a(libc_a-init.o)
                0x080005dc                __libc_init_array
 *(.glue_7)
 .glue_7        0x08000624        0x0 linker stubs
 *(.glue_7t)
 .glue_7t       0x08000624        0x0 linker stubs
 *(.eh_frame)
 .eh_frame      0x08000624        0x0 /Applications/STM32CubeIDE.app/Contents/Eclipse/plugins/com.st.stm32cube.ide.mcu.externaltools.gnu-tools-for-stm32.12.3.rel1.macos64_1.1.0.202410301201/tools/bin/../lib/gcc/arm-none-eabi/12.3.1/thumb/v7e-m+dp/hard/crtbegin.o
 *(.init)
 .init          0x08000624        0x4 /Applications/STM32CubeIDE.app/Contents/Eclipse/plugins/com.st.stm32cube.ide.mcu.externaltools.gnu-tools-for-stm32.12.3.rel1.macos64_1.1.0.202410301201/tools/bin/../lib/gcc/arm-none-eabi/12.3.1/thumb/v7e-m+dp/hard/crti.o
                0x08000624                _init
 .init          0x08000628        0x8 /Applications/STM32CubeIDE.app/Contents/Eclipse/plugins/com.st.stm32cube.ide.mcu.externaltools.gnu-tools-for-stm32.12.3.rel1.macos64_1.1.0.202410301201/tools/bin/../lib/gcc/arm-none-eabi/12.3.1/thumb/v7e-m+dp/hard/crtn.o
 *(.fini)
 .fini          0x08000630        0x4 /Applications/STM32CubeIDE.app/Contents/Eclipse/plugins/com.st.stm32cube.ide.mcu.externaltools.gnu-tools-for-stm32.12.3.rel1.macos64_1.1.0.202410301201/tools/bin/../lib/gcc/arm-none-eabi/12.3.1/thumb/v7e-m+dp/hard/crti.o
                0x08000630                _fini
 .fini          0x08000634        0x8 /Applications/STM32CubeIDE.app/Contents/Eclipse/plugins/com.st.stm32cube.ide.mcu.externaltools.gnu-tools-for-stm32.12.3.rel1.macos64_1.1.0.202410301201/tools/bin/../lib/gcc/arm-none-eabi/12.3.1/thumb/v7e-m+dp/hard/crtn.o
                0x0800063c                        . = ALIGN (0x4)
                0x0800063c                        _etext = .

.vfp11_veneer   0x0800063c        0x0
 .vfp11_veneer  0x0800063c        0x0 linker stubs

.v4_bx          0x0800063c        0x0
 .v4_bx         0x0800063c        0x0 linker stubs

.iplt           0x0800063c        0x0
 .iplt          0x0800063c        0x0 /Applications/STM32CubeIDE.app/Contents/Eclipse/plugins/com.st.stm32cube.ide.mcu.externaltools.gnu-tools-for-stm32.12.3.rel1.macos64_1.1.0.202410301201/tools/bin/../lib/gcc/arm-none-eabi/12.3.1/thumb/v7e-m+dp/hard/crtbegin.o

.rodata         0x0800063c        0x0
                0x0800063c                        . = ALIGN (0x4)
 *(.rodata)
 *(.rodata*)
                0x0800063c                        . = ALIGN (0x4)

.ARM.extab
 *(.ARM.extab* .gnu.linkonce.armextab.*)

.ARM            0x0800063c        0x0
                0x0800063c                        __exidx_start = .
 *(.ARM.exidx*)
                0x0800063c                        __exidx_end = .

.preinit_array  0x0800063c        0x0
                0x0800063c                        PROVIDE (__preinit_array_start = .)
 *(.preinit_array*)
                0x0800063c                        PROVIDE (__preinit_array_end = .)

.init_array     0x0800063c        0x4
                0x0800063c                        PROVIDE (__init_array_start = .)
 *(SORT_BY_NAME(.init_array.*))
 *(.init_array*)
 .init_array    0x0800063c        0x4 /Applications/STM32CubeIDE.app/Contents/Eclipse/plugins/com.st.stm32cube.ide.mcu.externaltools.gnu-tools-for-stm32.12.3.rel1.macos64_1.1.0.202410301201/tools/bin/../lib/gcc/arm-none-eabi/12.3.1/thumb/v7e-m+dp/hard/crtbegin.o
                0x08000640                        PROVIDE (__init_array_end = .)

.fini_array     0x08000640        0x4
                [!provide]                        PROVIDE (__fini_array_start = .)
 *(SORT_BY_NAME(.fini_array.*))
 *(.fini_array*)
 .fini_array    0x08000640        0x4 /Applications/STM32CubeIDE.app/Contents/Eclipse/plugins/com.st.stm32cube.ide.mcu.externaltools.gnu-tools-for-stm32.12.3.rel1.macos64_1.1.0.202410301201/tools/bin/../lib/gcc/arm-none-eabi/12.3.1/thumb/v7e-m+dp/hard/crtbegin.o
                [!provide]                        PROVIDE (__fini_array_end = .)
                0x08000644                        _sidata = LOADADDR (.data)

.rel.dyn        0x08000644        0x0
 .rel.iplt      0x08000644        0x0 /Applications/STM32CubeIDE.app/Contents/Eclipse/plugins/com.st.stm32cube.ide.mcu.externaltools.gnu-tools-for-stm32.12.3.rel1.macos64_1.1.0.202410301201/tools/bin/../lib/gcc/arm-none-eabi/12.3.1/thumb/v7e-m+dp/hard/crtbegin.o

.data           0x24000000        0x0 load address 0x08000644
                0x24000000                        . = ALIGN (0x4)
                0x24000000                        _sdata = .
 *(.data)
 *(.data*)
 *(.RamFunc)
 *(.RamFunc*)
                0x24000000                        . = ALIGN (0x4)
                0x24000000                        _edata = .

.igot.plt       0x24000000        0x0 load address 0x08000644
 .igot.plt      0x24000000        0x0 /Applications/STM32CubeIDE.app/Contents/Eclipse/plugins/com.st.stm32cube.ide.mcu.externaltools.gnu-tools-for-stm32.12.3.rel1.macos64_1.1.0.202410301201/tools/bin/../lib/gcc/arm-none-eabi/12.3.1/thumb/v7e-m+dp/hard/crtbegin.o
                0x24000000                        . = ALIGN (0x4)

.bss            0x24000000       0x1c load address 0x08000644
                0x24000000                        _sbss = .
                0x24000000                        __bss_start__ = _sbss
 *(.bss)
 .bss           0x24000000       0x1c /Applications/STM32CubeIDE.app/Contents/Eclipse/plugins/com.st.stm32cube.ide.mcu.externaltools.gnu-tools-for-stm32.12.3.rel1.macos64_1.1.0.202410301201/tools/bin/../lib/gcc/arm-none-eabi/12.3.1/thumb/v7e-m+dp/hard/crtbegin.o
 *(.bss*)
 *(COMMON)
                0x2400001c                        . = ALIGN (0x4)
                0x2400001c                        _ebss = .
                0x2400001c                        __bss_end__ = _ebss

._user_heap_stack
                0x2400001c      0x604 load address 0x08000644
                0x24000020                        . = ALIGN (0x8)
 *fill*         0x2400001c        0x4 
                [!provide]                        PROVIDE (end = .)
                0x24000020                        PROVIDE (_end = .)
                0x24000220                        . = (. + _Min_Heap_Size)
 *fill*         0x24000020      0x200 
                0x24000620                        . = (. + _Min_Stack_Size)
 *fill*         0x24000220      0x400 
                0x24000620                        . = ALIGN (0x8)

/DISCARD/
 libc.a(*)
 libm.a(*)
 libgcc.a(*)

.ARM.attributes
                0x00000000       0x2e
 *(.ARM.attributes)
 .ARM.attributes
                0x00000000       0x20 /Applications/STM32CubeIDE.app/Contents/Eclipse/plugins/com.st.stm32cube.ide.mcu.externaltools.gnu-tools-for-stm32.12.3.rel1.macos64_1.1.0.202410301201/tools/bin/../lib/gcc/arm-none-eabi/12.3.1/thumb/v7e-m+dp/hard/crti.o
 .ARM.attributes
                0x00000020       0x32 /Applications/STM32CubeIDE.app/Contents/Eclipse/plugins/com.st.stm32cube.ide.mcu.externaltools.gnu-tools-for-stm32.12.3.rel1.macos64_1.1.0.202410301201/tools/bin/../lib/gcc/arm-none-eabi/12.3.1/thumb/v7e-m+dp/hard/crtbegin.o
 .ARM.attributes
                0x00000052       0x32 ./Src/main.o
 .ARM.attributes
                0x00000084       0x32 ./Src/systick.o
 .ARM.attributes
                0x000000b6       0x32 ./Src/tim.o
 .ARM.attributes
                0x000000e8       0x32 ./Src/usart.o
 .ARM.attributes
                0x0000011a       0x21 ./Startup/startup_stm32h723zgtx.o
 .ARM.attributes
                0x0000013b       0x32 /Applications/STM32CubeIDE.app/Contents/Eclipse/plugins/com.st.stm32cube.ide.mcu.externaltools.gnu-tools-for-stm32.12.3.rel1.macos64_1.1.0.202410301201/tools/bin/../lib/gcc/arm-none-eabi/12.3.1/../../../../arm-none-eabi/lib/thumb/v7e-m+dp/hard/libc_nano.a(libc_a-init.o)
 .ARM.attributes
                0x0000016d       0x20 /Applications/STM32CubeIDE.app/Contents/Eclipse/plugins/com.st.stm32cube.ide.mcu.externaltools.gnu-tools-for-stm32.12.3.rel1.macos64_1.1.0.202410301201/tools/bin/../lib/gcc/arm-none-eabi/12.3.1/thumb/v7e-m+dp/hard/crtn.o
OUTPUT(15_timers_interrupts.elf elf32-littlearm)
LOAD linker stubs
LOAD /Applications/STM32CubeIDE.app/Contents/Eclipse/plugins/com.st.stm32cube.ide.mcu.externaltools.gnu-tools-for-stm32.12.3.rel1.macos64_1.1.0.202410301201/tools/bin/../lib/gcc/arm-none-eabi/12.3.1/../../../../arm-none-eabi/lib/thumb/v7e-m+dp/hard/libc.a
LOAD /Applications/STM32CubeIDE.app/Contents/Eclipse/plugins/com.st.stm32cube.ide.mcu.externaltools.gnu-tools-for-stm32.12.3.rel1.macos64_1.1.0.202410301201/tools/bin/../lib/gcc/arm-none-eabi/12.3.1/../../../../arm-none-eabi/lib/thumb/v7e-m+dp/hard/libm.a
LOAD /Applications/STM32CubeIDE.app/Contents/Eclipse/plugins/com.st.stm32cube.ide.mcu.externaltools.gnu-tools-for-stm32.12.3.rel1.macos64_1.1.0.202410301201/tools/bin/../lib/gcc/arm-none-eabi/12.3.1/thumb/v7e-m+dp/hard/libgcc.a

.debug_info     0x00000000     0x19a3
 .debug_info    0x00000000      0x66e ./Src/main.o
 .debug_info    0x0000066e      0x14b ./Src/systick.o
 .debug_info    0x000007b9      0xb43 ./Src/tim.o
 .debug_info    0x000012fc      0x677 ./Src/usart.o
 .debug_info    0x00001973       0x30 ./Startup/startup_stm32h723zgtx.o

.debug_abbrev   0x00000000      0x507
 .debug_abbrev  0x00000000      0x103 ./Src/main.o
 .debug_abbrev  0x00000103       0xee ./Src/systick.o
 .debug_abbrev  0x000001f1      0x169 ./Src/tim.o
 .debug_abbrev  0x0000035a      0x189 ./Src/usart.o
 .debug_abbrev  0x000004e3       0x24 ./Startup/startup_stm32h723zgtx.o

.debug_aranges  0x00000000       0xf0
 .debug_aranges
                0x00000000       0x28 ./Src/main.o
 .debug_aranges
                0x00000028       0x28 ./Src/systick.o
 .debug_aranges
                0x00000050       0x30 ./Src/tim.o
 .debug_aranges
                0x00000080       0x48 ./Src/usart.o
 .debug_aranges
                0x000000c8       0x28 ./Startup/startup_stm32h723zgtx.o

.debug_rnglists
                0x00000000       0x9c
 .debug_rnglists
                0x00000000       0x19 ./Src/main.o
 .debug_rnglists
                0x00000019       0x19 ./Src/systick.o
 .debug_rnglists
                0x00000032       0x1f ./Src/tim.o
 .debug_rnglists
                0x00000051       0x32 ./Src/usart.o
 .debug_rnglists
                0x00000083       0x19 ./Startup/startup_stm32h723zgtx.o

.debug_macro    0x00000000      0xefc
 .debug_macro   0x00000000      0x1c2 ./Src/main.o
 .debug_macro   0x000001c2       0x61 ./Src/main.o
 .debug_macro   0x00000223       0x29 ./Src/main.o
 .debug_macro   0x0000024c       0x43 ./Src/main.o
 .debug_macro   0x0000028f       0x34 ./Src/main.o
 .debug_macro   0x000002c3       0x16 ./Src/main.o
 .debug_macro   0x000002d9       0x9e ./Src/main.o
 .debug_macro   0x00000377      0x369 ./Src/main.o
 .debug_macro   0x000006e0      0x10b ./Src/main.o
 .debug_macro   0x000007eb       0x10 ./Src/main.o
 .debug_macro   0x000007fb       0x16 ./Src/main.o
 .debug_macro   0x00000811       0x43 ./Src/main.o
 .debug_macro   0x00000854       0x34 ./Src/main.o
 .debug_macro   0x00000888       0x10 ./Src/main.o
 .debug_macro   0x00000898       0x58 ./Src/main.o
 .debug_macro   0x000008f0       0x8e ./Src/main.o
 .debug_macro   0x0000097e       0x1c ./Src/main.o
 .debug_macro   0x0000099a      0x177 ./Src/main.o
 .debug_macro   0x00000b11       0x16 ./Src/main.o
 .debug_macro   0x00000b27       0x16 ./Src/main.o
 .debug_macro   0x00000b3d      0x146 ./Src/main.o
 .debug_macro   0x00000c83       0xe5 ./Src/systick.o
 .debug_macro   0x00000d68       0xc7 ./Src/tim.o
 .debug_macro   0x00000e2f       0xcd ./Src/usart.o

.debug_line     0x00000000     0x17ad
 .debug_line    0x00000000      0x67f ./Src/main.o
 .debug_line    0x0000067f      0x568 ./Src/systick.o
 .debug_line    0x00000be7      0x555 ./Src/tim.o
 .debug_line    0x0000113c      0x5f6 ./Src/usart.o
 .debug_line    0x00001732       0x7b ./Startup/startup_stm32h723zgtx.o

.debug_str      0x00000000    0xd37de
 .debug_str     0x00000000    0xd2ddf ./Src/main.o
                              0xd306f (size before relaxing)
 .debug_str     0x000d2ddf      0x10d ./Src/systick.o
                              0xcf3a7 (size before relaxing)
 .debug_str     0x000d2eec      0x7bb ./Src/tim.o
                              0xcfdfe (size before relaxing)
 .debug_str     0x000d36a7       0xaa ./Src/usart.o
                              0xcf5ec (size before relaxing)
 .debug_str     0x000d3751       0x8d ./Startup/startup_stm32h723zgtx.o

.comment        0x00000000       0x43
 .comment       0x00000000       0x43 ./Src/main.o
                                 0x44 (size before relaxing)
 .comment       0x00000043       0x44 ./Src/systick.o
 .comment       0x00000043       0x44 ./Src/tim.o
 .comment       0x00000043       0x44 ./Src/usart.o

.debug_frame    0x00000000      0x22c
 .debug_frame   0x00000000       0x4c ./Src/main.o
 .debug_frame   0x0000004c       0x60 ./Src/systick.o
 .debug_frame   0x000000ac       0x70 ./Src/tim.o
 .debug_frame   0x0000011c       0xe4 ./Src/usart.o
 .debug_frame   0x00000200       0x2c /Applications/STM32CubeIDE.app/Contents/Eclipse/plugins/com.st.stm32cube.ide.mcu.externaltools.gnu-tools-for-stm32.12.3.rel1.macos64_1.1.0.202410301201/tools/bin/../lib/gcc/arm-none-eabi/12.3.1/../../../../arm-none-eabi/lib/thumb/v7e-m+dp/hard/libc_nano.a(libc_a-init.o)

.debug_line_str
                0x00000000       0x71
 .debug_line_str
                0x00000000       0x71 ./Startup/startup_stm32h723zgtx.o
